// Jest Snapshot v1, https://goo.gl/fbAQLP

exports[`Navbar should renders correctly 1`] = `
<navbar__StyledNavbar>
  <navbar__StyledTitle>
    Giffer
  </navbar__StyledTitle>
  <navbar__StyledNavigation>
    <onlyUpdateForKeys(NavbarItem)
      link="/"
      name="Trending"
    />
    <onlyUpdateForKeys(NavbarItem)
      link="/about"
      name="About"
    />
  </navbar__StyledNavigation>
</navbar__StyledNavbar>
`;
